<html>
<body>
<pre>
<h1>µVision Build Log</h1>
<h2>Project:</h2>
C:\Keil\Labware\Lab14_VirtualMeasurementOfDistance\Lab14.uvproj
Project File Date:  12/29/2014

<h2>Output:</h2>
Build target 'Lab14'
linking...
Program Size: Code=8736 RO-data=7568 RW-data=128 ZI-data=1768  
".\Lab14.axf" - 0 Error(s), 0 Warning(s).
Load "C:\\Keil\\Labware\\Lab14_VirtualMeasurementOfDistance\\Lab14.axf" 
Connecting: Mode=JTAG, Speed=1000000Hz
Erase Done.
Programming Done.
Verify OK.
</pre>
</body>
</html>
1756  
".\Lab14.axf" - 0 Error(s), 1 Warning(s).
i" is undefined
        for (int i = 0;i < 4;i++) {
MeasurementOfDistance.c(92): error:  #29: expected an expression
        for (int i = 0; i < 5;i++) {
MeasurementOfDistance.c: 0 warnings, 4 errors
compiling ADC.c...
ADC.c(33): warning:  #550-D: variable "delay" was set but never used
  void ADC0_Init(void){ unsigned long delay;
ADC.c: 1 warning, 0 errors
compiling VirtualNokia5110.c...
".\Lab14.axf" - 4 Error(s), 1 Warning(s).
Target not created
