<html>
<body>
<pre>
<h1>µVision Build Log</h1>
<h2>Project:</h2>
C:\Keil\Labware\Lab9_FunctionalDebugging\Lab9.uvproj
Project File Date:  02/10/2014

<h2>Output:</h2>
Build target 'Lab9'
linking...
Program Size: Code=2896 RO-data=2712 RW-data=56 ZI-data=1640  
".\Lab9.axf" - 0 Error(s), 0 Warning(s).
Load "C:\\Keil\\Labware\\Lab9_FunctionalDebugging\\Lab9.axf" 
Connecting: Mode=JTAG, Speed=1000000Hz
Erase Done.
Programming Done.
Verify OK.
</pre>
</body>
</html>

linking...
Program Size: Code=2896 RO-data=2712 RW-data=56 ZI-data=1640  
".\Lab9.axf" - 0 Error(s), 2 Warning(s).
ng...
Program Size: Code=2872 RO-data=2712 RW-data=56 ZI-data=1640  
".\Lab9.axf" - 0 Error(s), 3 Warning(s).
3 Warning(s).
Target not created

){  unsigned long i,last,now;
main.c: 3 warnings, 2 errors
".\Lab9.axf" - 2 Error(s), 3 Warning(s).
Target not created
ed
 2 Error(s), 3 Warning(s).
Target not created
g(s).
Target not created
Error: Could not load file 'C:\Keil\Labware\Lab9_FunctionalDebugging\Lab9.axf'. Debugger aborted !
